[ROBUSTNESS] all: n=154
[ROBUSTNESS] since_2015: n=131
[ROBUSTNESS] since_2018: n=103
[ROBUSTNESS] since_2020: n=80
[ROBUSTNESS] msw_weight_only: n=87
[ROBUSTNESS] population_only: n=51
  n       mae      rmse       r2      bias            case         model  low_n   low_mae  low_bias
154 13.981873 18.913204 0.562552 -0.326551             all        linear     13 25.466207 17.701214
154 14.307280 18.942874 0.561178  0.314319             all random_forest     13 24.794672 18.053220
154 14.180237 19.229163 0.547814 -0.046591             all         ridge     13 27.030911 19.341431
131 13.422024 18.789476 0.534986 -0.776297      since_2015        linear      9 26.121661 15.700873
131 13.974128 18.811466 0.533897 -0.028661      since_2015 random_forest      9 27.563552 17.228746
131 13.344119 18.667513 0.541003 -0.707317      since_2015         ridge      9 25.676476 15.929053
103 13.569603 18.611209 0.522878 -1.249280      since_2018        linear      5 24.953881 24.953881
103 14.168457 19.254476 0.489326 -1.555827      since_2018 random_forest      5 19.056047 17.745925
103 13.474958 18.474533 0.529860 -1.179199      since_2018         ridge      5 24.986539 24.986539
 80 12.323350 16.664076 0.507368 -1.809506      since_2020        linear      1  0.245432 -0.245432
 80 13.981168 18.569843 0.388246 -1.816338      since_2020 random_forest      1  0.089095 -0.089095
 80 12.530676 16.785224 0.500179 -1.995898      since_2020         ridge      1  0.169792  0.169792
 87 12.701287 17.684544 0.489815 -1.630465 msw_weight_only        linear      7 19.176564  7.881403
 87 13.082243 17.551082 0.497486 -0.412062 msw_weight_only random_forest      7 23.005195 13.575542
 87 12.606332 17.527328 0.498845 -1.335984 msw_weight_only         ridge      7 19.142459  7.943939
 51 12.051804 16.972113 0.557583 -1.170404 population_only        linear      2 34.269787 34.269787
 51 11.587547 18.421714 0.478781  2.539895 population_only random_forest      2 55.922395 55.922395
 51 12.608411 18.277758 0.486895 -0.446815 population_only         ridge      2 41.446800 41.446800
PHASE 05 COMPLETE
